<?xml version="1.0" encoding="utf-8"?><testsuites name="pytest tests"><testsuite name="pytest" errors="0" failures="0" skipped="0" tests="203" time="2.276" timestamp="2025-08-18T14:18:37.553098-03:00" hostname="nothing.attdns.com"><testcase classname="tests.unit.test_analysis.TestUtilityFunctions" name="test_calculate_score_normal_cases" time="0.001" /><testcase classname="tests.unit.test_analysis.TestUtilityFunctions" name="test_calculate_score_edge_cases" time="0.000" /><testcase classname="tests.unit.test_analysis.TestUtilityFunctions" name="test_analyze_keyword_score" time="0.000" /><testcase classname="tests.unit.test_analysis.TestUtilityFunctions" name="test_analyze_keyword_score_case_insensitive" time="0.000" /><testcase classname="tests.unit.test_analysis.TestUtilityFunctions" name="test_analyze_keyword_score_empty_inputs" time="0.000" /><testcase classname="tests.unit.test_analysis.TestUtilityFunctions" name="test_analyze_pattern_score" time="0.001" /><testcase classname="tests.unit.test_analysis.TestUtilityFunctions" name="test_analyze_pattern_score_case_insensitive" time="0.000" /><testcase classname="tests.unit.test_analysis.TestUtilityFunctions" name="test_extract_pattern_matches" time="0.001" /><testcase classname="tests.unit.test_analysis.TestUtilityFunctions" name="test_extract_pattern_matches_limit" time="0.001" /><testcase classname="tests.unit.test_analysis.TestUtilityFunctions" name="test_count_content_metrics" time="0.001" /><testcase classname="tests.unit.test_analysis.TestUtilityFunctions" name="test_count_content_metrics_empty_content" time="0.000" /><testcase classname="tests.unit.test_analysis.TestUtilityFunctions" name="test_count_content_metrics_edge_cases" time="0.000" /><testcase classname="tests.unit.test_analysis.TestFrameworkAnalyzer" name="test_framework_analyzer_initialization" time="0.000" /><testcase classname="tests.unit.test_analysis.TestFrameworkAnalyzer" name="test_framework_analyzer_abstract_method" time="0.000" /><testcase classname="tests.unit.test_analysis.TestIDEALAnalyzer" name="test_ideal_analyzer_initialization" time="0.000" /><testcase classname="tests.unit.test_analysis.TestIDEALAnalyzer" name="test_ideal_analyzer_structure" time="0.016" /><testcase classname="tests.unit.test_analysis.TestIDEALAnalyzer" name="test_ideal_target_identification" time="0.001" /><testcase classname="tests.unit.test_analysis.TestIDEALAnalyzer" name="test_ideal_insight_discovery" time="0.000" /><testcase classname="tests.unit.test_analysis.TestIDEALAnalyzer" name="test_ideal_educational_value" time="0.001" /><testcase classname="tests.unit.test_analysis.TestIDEALAnalyzer" name="test_ideal_cta_effectiveness" time="0.000" /><testcase classname="tests.unit.test_analysis.TestIDEALAnalyzer" name="test_ideal_feedback_opportunities" time="0.001" /><testcase classname="tests.unit.test_analysis.TestSTEPPSAnalyzer" name="test_stepps_analyzer_initialization" time="0.000" /><testcase classname="tests.unit.test_analysis.TestSTEPPSAnalyzer" name="test_stepps_analyzer_structure" time="0.001" /><testcase classname="tests.unit.test_analysis.TestSTEPPSAnalyzer" name="test_stepps_social_currency" time="0.000" /><testcase classname="tests.unit.test_analysis.TestSTEPPSAnalyzer" name="test_stepps_emotion" time="0.000" /><testcase classname="tests.unit.test_analysis.TestEEATAnalyzer" name="test_eeat_analyzer_initialization" time="0.000" /><testcase classname="tests.unit.test_analysis.TestEEATAnalyzer" name="test_eeat_analyzer_structure" time="0.002" /><testcase classname="tests.unit.test_analysis.TestEEATAnalyzer" name="test_eeat_expertise" time="0.000" /><testcase classname="tests.unit.test_analysis.TestGDocPAnalyzer" name="test_gdocp_analyzer_initialization" time="0.000" /><testcase classname="tests.unit.test_analysis.TestGDocPAnalyzer" name="test_gdocp_analyzer_structure" time="0.005" /><testcase classname="tests.unit.test_analysis.TestGDocPAnalyzer" name="test_gdocp_legibility" time="0.000" /><testcase classname="tests.unit.test_analysis.TestFrameworkFactory" name="test_framework_analyzers_exist" time="0.000" /><testcase classname="tests.unit.test_analysis.TestFrameworkFactory" name="test_framework_analyzers_types" time="0.000" /><testcase classname="tests.unit.test_analysis.TestAnalyzeContentWithFrameworks" name="test_analyze_single_framework" time="0.001" /><testcase classname="tests.unit.test_analysis.TestAnalyzeContentWithFrameworks" name="test_analyze_multiple_frameworks" time="0.001" /><testcase classname="tests.unit.test_analysis.TestAnalyzeContentWithFrameworks" name="test_analyze_all_frameworks" time="0.001" /><testcase classname="tests.unit.test_analysis.TestAnalyzeContentWithFrameworks" name="test_analyze_invalid_framework" time="0.000" /><testcase classname="tests.unit.test_analysis.TestAnalyzeContentWithFrameworks" name="test_analyze_mixed_valid_invalid_frameworks" time="0.001" /><testcase classname="tests.unit.test_analysis.TestAnalyzeContentWithFrameworks" name="test_analyze_empty_content" time="0.000" /><testcase classname="tests.unit.test_analysis.TestAnalyzeContentWithFrameworks" name="test_analyze_empty_frameworks_list" time="0.000" /><testcase classname="tests.unit.test_analysis.TestAnalyzeContentWithFrameworks" name="test_analyze_framework_analysis_exception" time="0.000" /><testcase classname="tests.unit.test_batch.TestBatchItem" name="test_batch_item_creation" time="0.000" /><testcase classname="tests.unit.test_batch.TestBatchItem" name="test_batch_item_defaults" time="0.000" /><testcase classname="tests.unit.test_batch.TestBatchResult" name="test_batch_result_success" time="0.000" /><testcase classname="tests.unit.test_batch.TestBatchResult" name="test_batch_result_failure" time="0.000" /><testcase classname="tests.unit.test_batch.TestBatchProgress" name="test_progress_initialization" time="0.000" /><testcase classname="tests.unit.test_batch.TestBatchProgress" name="test_progress_percentage" time="0.000" /><testcase classname="tests.unit.test_batch.TestBatchProgress" name="test_progress_percentage_zero_items" time="0.000" /><testcase classname="tests.unit.test_batch.TestBatchProgress" name="test_elapsed_time" time="0.013" /><testcase classname="tests.unit.test_batch.TestBatchProgress" name="test_update_estimated_completion" time="0.013" /><testcase classname="tests.unit.test_batch.TestBatchProcessor" name="test_batch_processor_initialization" time="0.000" /><testcase classname="tests.unit.test_batch.TestBatchProcessor" name="test_batch_processor_with_custom_config" time="0.000" /><testcase classname="tests.unit.test_batch.TestBatchProcessor" name="test_process_empty_batch" time="0.003" /><testcase classname="tests.unit.test_batch.TestBatchProcessor" name="test_process_batch_size_validation" time="0.002" /><testcase classname="tests.unit.test_batch.TestBatchProcessor" name="test_process_single_item_success" time="0.004" /><testcase classname="tests.unit.test_batch.TestBatchProcessor" name="test_process_single_item_empty_content" time="0.001" /><testcase classname="tests.unit.test_batch.TestBatchProcessor" name="test_process_single_item_default_frameworks" time="0.001" /><testcase classname="tests.unit.test_batch.TestBatchProcessor" name="test_process_single_item_exception" time="0.001" /><testcase classname="tests.unit.test_batch.TestBatchProcessor" name="test_create_summary_empty" time="0.000" /><testcase classname="tests.unit.test_batch.TestBatchProcessor" name="test_create_summary_with_results" time="0.000" /><testcase classname="tests.unit.test_batch.TestBatchProcessor" name="test_cancel_processing" time="0.000" /><testcase classname="tests.unit.test_batch.TestBatchProcessor" name="test_process_with_priority_sorting" time="0.001" /><testcase classname="tests.unit.test_batch.TestBatchAnalysisManager" name="test_manager_initialization" time="0.000" /><testcase classname="tests.unit.test_batch.TestBatchAnalysisManager" name="test_submit_batch_simple_strings" time="0.001" /><testcase classname="tests.unit.test_batch.TestBatchAnalysisManager" name="test_submit_batch_structured_items" time="0.001" /><testcase classname="tests.unit.test_batch.TestBatchAnalysisManager" name="test_submit_batch_invalid_item_type" time="0.002" /><testcase classname="tests.unit.test_batch.TestBatchAnalysisManager" name="test_submit_batch_exception_cleanup" time="0.001" /><testcase classname="tests.unit.test_batch.TestBatchAnalysisManager" name="test_get_active_batches" time="0.000" /><testcase classname="tests.unit.test_batch.TestBatchAnalysisManager" name="test_cancel_batch_existing" time="0.001" /><testcase classname="tests.unit.test_batch.TestBatchAnalysisManager" name="test_cancel_batch_nonexistent" time="0.000" /><testcase classname="tests.unit.test_batch.TestBatchAnalysisManager" name="test_get_batch_history_empty" time="0.000" /><testcase classname="tests.unit.test_batch.TestBatchAnalysisManager" name="test_get_batch_history_with_data" time="0.000" /><testcase classname="tests.unit.test_batch.TestGlobalBatchManager" name="test_global_manager_exists" time="0.000" /><testcase classname="tests.unit.test_batch.TestGlobalBatchManager" name="test_global_manager_is_singleton" time="0.000" /><testcase classname="tests.unit.test_cache.TestCacheEntry" name="test_cache_entry_creation" time="0.000" /><testcase classname="tests.unit.test_cache.TestCacheEntry" name="test_cache_entry_defaults" time="0.000" /><testcase classname="tests.unit.test_cache.TestCacheEntry" name="test_cache_entry_size_calculation" time="0.000" /><testcase classname="tests.unit.test_cache.TestCacheEntry" name="test_is_expired" time="0.000" /><testcase classname="tests.unit.test_cache.TestCacheEntry" name="test_touch" time="0.013" /><testcase classname="tests.unit.test_cache.TestAdvancedLRUCache" name="test_cache_initialization" time="0.000" /><testcase classname="tests.unit.test_cache.TestAdvancedLRUCache" name="test_put_and_get_basic" time="0.000" /><testcase classname="tests.unit.test_cache.TestAdvancedLRUCache" name="test_lru_eviction" time="0.000" /><testcase classname="tests.unit.test_cache.TestAdvancedLRUCache" name="test_lru_order_update" time="0.000" /><testcase classname="tests.unit.test_cache.TestAdvancedLRUCache" name="test_ttl_expiration" time="0.155" /><testcase classname="tests.unit.test_cache.TestAdvancedLRUCache" name="test_put_with_tags" time="0.001" /><testcase classname="tests.unit.test_cache.TestAdvancedLRUCache" name="test_invalidate_by_tags" time="0.001" /><testcase classname="tests.unit.test_cache.TestAdvancedLRUCache" name="test_invalidate_single_key" time="0.001" /><testcase classname="tests.unit.test_cache.TestAdvancedLRUCache" name="test_clear_cache" time="0.001" /><testcase classname="tests.unit.test_cache.TestAdvancedLRUCache" name="test_cleanup_expired" time="0.156" /><testcase classname="tests.unit.test_cache.TestAdvancedLRUCache" name="test_get_entries_info" time="0.001" /><testcase classname="tests.unit.test_cache.TestAdvancedLRUCache" name="test_persistence_initialization" time="0.001" /><testcase classname="tests.unit.test_cache.TestAdvancedLRUCache" name="test_persistence_path_from_env" time="0.001" /><testcase classname="tests.unit.test_cache.TestAdvancedLRUCache" name="test_persistence_path_parameter" time="0.001" /><testcase classname="tests.unit.test_cache.TestAdvancedLRUCache" name="test_save_to_disk_success" time="0.006" /><testcase classname="tests.unit.test_cache.TestAdvancedLRUCache" name="test_save_to_disk_failure" time="0.002" /><testcase classname="tests.unit.test_cache.TestAdvancedLRUCache" name="test_load_from_disk_success" time="0.004" /><testcase classname="tests.unit.test_cache.TestAdvancedLRUCache" name="test_load_from_disk_failure" time="0.002" /><testcase classname="tests.unit.test_cache.TestAdvancedLRUCache" name="test_load_from_disk_invalid_format" time="0.003" /><testcase classname="tests.unit.test_cache.TestAdvancedLRUCache" name="test_stats_calculation" time="0.001" /><testcase classname="tests.unit.test_cache.TestCacheManager" name="test_manager_initialization" time="0.001" /><testcase classname="tests.unit.test_cache.TestCacheManager" name="test_get_default_cache" time="0.001" /><testcase classname="tests.unit.test_cache.TestCacheManager" name="test_get_named_cache" time="0.001" /><testcase classname="tests.unit.test_cache.TestCacheManager" name="test_create_cache_with_config" time="0.001" /><testcase classname="tests.unit.test_cache.TestCacheManager" name="test_get_all_stats" time="0.001" /><testcase classname="tests.unit.test_cache.TestCacheManager" name="test_cleanup_all_expired" time="0.156" /><testcase classname="tests.unit.test_cache.TestCacheManager" name="test_clear_all_caches" time="0.001" /><testcase classname="tests.unit.test_cache.TestLRUCacheBackwardCompatibility" name="test_legacy_cache_creation" time="0.001" /><testcase classname="tests.unit.test_cache.TestLRUCacheBackwardCompatibility" name="test_legacy_set_get_methods" time="0.001" /><testcase classname="tests.unit.test_cache.TestLRUCacheBackwardCompatibility" name="test_legacy_stats_compatibility" time="0.001" /><testcase classname="tests.unit.test_cache.TestLRUCacheBackwardCompatibility" name="test_legacy_stats_property" time="0.001" /><testcase classname="tests.unit.test_cache.TestLRUCacheBackwardCompatibility" name="test_legacy_contains_operator" time="0.001" /><testcase classname="tests.unit.test_cache.TestLRUCacheBackwardCompatibility" name="test_legacy_cache_property" time="0.001" /><testcase classname="tests.unit.test_cache.TestLRUCacheBackwardCompatibility" name="test_legacy_clear_stats" time="0.001" /><testcase classname="tests.unit.test_cache.TestGlobalCacheManager" name="test_global_manager_exists" time="0.001" /><testcase classname="tests.unit.test_cache.TestGlobalCacheManager" name="test_global_manager_is_singleton" time="0.001" /><testcase classname="tests.unit.test_cache.TestGlobalCacheManager" name="test_global_manager_functionality" time="0.001" /><testcase classname="tests.unit.test_cache.TestCacheIntegration" name="test_cache_with_complex_objects" time="0.001" /><testcase classname="tests.unit.test_cache.TestCacheIntegration" name="test_cache_thread_safety_basics" time="0.001" /><testcase classname="tests.unit.test_cache.TestCacheIntegration" name="test_performance_under_load" time="0.007" /><testcase classname="tests.unit.test_config.TestConfig" name="test_default_values" time="0.003" /><testcase classname="tests.unit.test_config.TestConfig" name="test_environment_variable_override" time="0.002" /><testcase classname="tests.unit.test_config.TestConfig" name="test_calculated_max_file_size_bytes" time="0.003" /><testcase classname="tests.unit.test_config.TestConfig" name="test_boolean_environment_parsing" time="0.015" /><testcase classname="tests.unit.test_config.TestConfig" name="test_get_env_info" time="0.000" /><testcase classname="tests.unit.test_config.TestConfig" name="test_validate_config_warnings" time="0.003" /><testcase classname="tests.unit.test_config.TestConfig" name="test_validate_config_file_size_warnings" time="0.003" /><testcase classname="tests.unit.test_config.TestConfig" name="test_validate_config_timeout_warnings" time="0.002" /><testcase classname="tests.unit.test_config.TestConfig" name="test_validate_config_no_warnings" time="0.002" /><testcase classname="tests.unit.test_config.TestConfig" name="test_integer_parsing_edge_cases" time="0.001" /><testcase classname="tests.unit.test_config.TestConfig" name="test_executor_workers_none_handling" time="0.002" /><testcase classname="tests.unit.test_config.TestConfig" name="test_executor_workers_with_value" time="0.002" /><testcase classname="tests.unit.test_mcp_functions.TestMCPBasicFunctions" name="test_health_check" time="0.010" /><testcase classname="tests.unit.test_mcp_functions.TestMCPBasicFunctions" name="test_get_methodology_versions" time="0.001" /><testcase classname="tests.unit.test_mcp_functions.TestMCPBasicFunctions" name="test_get_cache_statistics" time="0.001" /><testcase classname="tests.unit.test_mcp_functions.TestMCPBasicFunctions" name="test_clear_cache_statistics" time="0.001" /><testcase classname="tests.unit.test_mcp_functions.TestMCPResourceFunctions" name="test_get_editing_codes" time="0.002" /><testcase classname="tests.unit.test_mcp_functions.TestMCPResourceFunctions" name="test_get_writing_guide" time="0.003" /><testcase classname="tests.unit.test_mcp_functions.TestMCPResourceFunctions" name="test_get_meta_guide" time="0.003" /><testcase classname="tests.unit.test_mcp_functions.TestMCPResourceFunctions" name="test_get_value_map_positioning_guide" time="0.003" /><testcase classname="tests.unit.test_mcp_functions.TestMCPResourceFunctions" name="test_get_on_page_seo_guide" time="0.002" /><testcase classname="tests.unit.test_mcp_functions.TestMCPResourceFunctions" name="test_get_marketing_frameworks_2025" time="0.002" /><testcase classname="tests.unit.test_mcp_functions.TestMCPResourceFunctions" name="test_get_technical_writing_2025" time="0.002" /><testcase classname="tests.unit.test_mcp_functions.TestMCPResourceFunctions" name="test_get_seo_frameworks_2025" time="0.002" /><testcase classname="tests.unit.test_mcp_functions.TestMCPPerformanceFunctions" name="test_benchmark_file_operations" time="0.004" /><testcase classname="tests.unit.test_mcp_functions.TestMCPAnalysisFunctions" name="test_analyze_content_multi_framework" time="0.001" /><testcase classname="tests.unit.test_mcp_functions.TestMCPAnalysisFunctions" name="test_analyze_content_all_frameworks" time="0.001" /><testcase classname="tests.unit.test_mcp_functions.TestMCPAnalysisFunctions" name="test_analyze_content_default_frameworks" time="0.001" /><testcase classname="tests.unit.test_mcp_functions.TestMCPAnalysisFunctions" name="test_analyze_content_invalid_input" time="0.001" /><testcase classname="tests.unit.test_mcp_functions.TestMCPAnalysisFunctions" name="test_analyze_content_invalid_framework" time="0.001" /><testcase classname="tests.unit.test_mcp_functions.TestMCPErrorHandling" name="test_resource_file_not_found" time="0.001" /><testcase classname="tests.unit.test_mcp_functions.TestMCPErrorHandling" name="test_file_read_permission_error" time="0.001" /><testcase classname="tests.unit.test_mcp_functions.TestMCPErrorHandling" name="test_concurrent_analysis_safety" time="0.001" /><testcase classname="tests.unit.test_mcp_functions.TestMCPDataValidation" name="test_analysis_result_structure" time="0.001" /><testcase classname="tests.unit.test_mcp_functions.TestMCPDataValidation" name="test_framework_analysis_structure" time="0.001" /><testcase classname="tests.unit.test_server.TestLRUCache" name="test_cache_initialization" time="0.000" /><testcase classname="tests.unit.test_server.TestLRUCache" name="test_cache_set_and_get" time="0.000" /><testcase classname="tests.unit.test_server.TestLRUCache" name="test_cache_miss" time="0.000" /><testcase classname="tests.unit.test_server.TestLRUCache" name="test_cache_eviction" time="0.000" /><testcase classname="tests.unit.test_server.TestLRUCache" name="test_cache_update_existing" time="0.000" /><testcase classname="tests.unit.test_server.TestLRUCache" name="test_cache_lru_order" time="0.000" /><testcase classname="tests.unit.test_server.TestLRUCache" name="test_cache_statistics" time="0.000" /><testcase classname="tests.unit.test_server.TestLRUCache" name="test_cache_statistics_empty" time="0.000" /><testcase classname="tests.unit.test_server.TestLRUCache" name="test_cache_clear_stats" time="0.000" /><testcase classname="tests.unit.test_server.TestLRUCache" name="test_cache_contains" time="0.000" /><testcase classname="tests.unit.test_server.TestLRUCache" name="test_cache_utilization_calculation" time="0.000" /><testcase classname="tests.unit.test_server.TestLRUCache" name="test_cache_most_recent_keys" time="0.000" /><testcase classname="tests.unit.test_server.TestExceptions" name="test_osp_tools_error_inheritance" time="0.000" /><testcase classname="tests.unit.test_server.TestExceptions" name="test_specific_exceptions_inheritance" time="0.000" /><testcase classname="tests.unit.test_server.TestHandleExceptionsDecorator" name="test_successful_execution" time="0.001" /><testcase classname="tests.unit.test_server.TestHandleExceptionsDecorator" name="test_content_validation_error_handling" time="0.001" /><testcase classname="tests.unit.test_server.TestHandleExceptionsDecorator" name="test_framework_validation_error_handling" time="0.001" /><testcase classname="tests.unit.test_server.TestHandleExceptionsDecorator" name="test_file_operation_error_handling" time="0.001" /><testcase classname="tests.unit.test_server.TestHandleExceptionsDecorator" name="test_cache_error_handling" time="0.001" /><testcase classname="tests.unit.test_server.TestHandleExceptionsDecorator" name="test_unexpected_error_handling" time="0.001" /><testcase classname="tests.unit.test_server.TestGetLogger" name="test_get_logger_returns_logger" time="0.000" /><testcase classname="tests.unit.test_server.TestGetLogger" name="test_get_logger_no_duplicate_handlers" time="0.000" /><testcase classname="tests.unit.test_server.TestGetLogger" name="test_get_logger_respects_config_level" time="0.002" /><testcase classname="tests.unit.test_server.TestFileOperations" name="test_read_resource_success" time="0.001" /><testcase classname="tests.unit.test_server.TestFileOperations" name="test_read_resource_file_not_found" time="0.001" /><testcase classname="tests.unit.test_server.TestFileOperations" name="test_read_resource_empty_filename" time="0.001" /><testcase classname="tests.unit.test_server.TestFileOperations" name="test_read_resource_path_traversal_protection" time="0.001" /><testcase classname="tests.unit.test_server.TestFileOperations" name="test_read_resource_file_too_large" time="0.001" /><testcase classname="tests.unit.test_server.TestFileOperations" name="test_read_resource_permission_error" time="0.001" /><testcase classname="tests.unit.test_server.TestFileOperations" name="test_read_resource_async_success" time="0.001" /><testcase classname="tests.unit.test_server.TestFileOperations" name="test_read_resource_async_error" time="0.001" /><testcase classname="tests.unit.test_server.TestCachedContent" name="test_get_cached_content_cache_hit" time="0.001" /><testcase classname="tests.unit.test_server.TestCachedContent" name="test_get_cached_content_cache_miss" time="0.002" /><testcase classname="tests.unit.test_server.TestCachedContent" name="test_get_cached_content_async_cache_hit" time="0.001" /><testcase classname="tests.unit.test_server.TestCachedContent" name="test_get_cached_content_async_cache_miss" time="0.001" /><testcase classname="tests.unit.test_server.TestUtilityFunctions" name="test_create_config_note" time="0.000" /><testcase classname="tests.unit.test_server.TestConstants" name="test_methodology_versions_structure" time="0.000" /><testcase classname="tests.unit.test_server.TestConstants" name="test_valid_frameworks_structure" time="0.000" /><testcase classname="tests.unit.test_server_basic.TestLRUCacheBasic" name="test_cache_initialization" time="0.000" /><testcase classname="tests.unit.test_server_basic.TestLRUCacheBasic" name="test_cache_set_and_get" time="0.000" /><testcase classname="tests.unit.test_server_basic.TestLRUCacheBasic" name="test_cache_miss" time="0.000" /><testcase classname="tests.unit.test_server_basic.TestLRUCacheBasic" name="test_cache_eviction" time="0.000" /><testcase classname="tests.unit.test_server_basic.TestLRUCacheBasic" name="test_cache_statistics" time="0.000" /><testcase classname="tests.unit.test_server_basic.TestLRUCacheBasic" name="test_cache_contains" time="0.000" /><testcase classname="tests.unit.test_server_basic.TestExceptionsBasic" name="test_osp_tools_error_inheritance" time="0.000" /><testcase classname="tests.unit.test_server_basic.TestExceptionsBasic" name="test_specific_exceptions_inheritance" time="0.000" /><testcase classname="tests.unit.test_server_basic.TestUtilityFunctionsBasic" name="test_create_config_note" time="0.000" /><testcase classname="tests.unit.test_server_basic.TestConstantsBasic" name="test_methodology_versions_structure" time="0.000" /><testcase classname="tests.unit.test_server_basic.TestConstantsBasic" name="test_valid_frameworks_structure" time="0.001" /></testsuite></testsuites>